// Jest Snapshot v1, https://goo.gl/fbAQLP

exports[`Pill renders appropriately 1`] = `"<div class=\\"holder bg-primary-green text-primary-darkGreen bg-primary-red text-primary-darkRed\\"><span> </span></div>"`;
